
        ==========     _____ _    _ ____  _____  ______          _____  
        =====         / ____| |  | |  _ \|  __ \|  ____|   /\   |  __ \ 
          =====      | (___ | |  | | |_) | |__) | |__     /  \  | |  | |
            ====      \___ \| |  | |  _ <|  _  /|  __|   / /\ \ | |  | |
              ====    ____) | |__| | |_) | | \ \| |____ / ____ \| |__| |
        ==========   |_____/ \____/|____/|_|  \_\______/_/    \_\_____/
	  v2.1.1

//========================== featureCounts setting ===========================\\
||                                                                            ||
||             Input files : 1 BAM file                                       ||
||                                                                            ||
||                           yeast_test.Aligned.sortedByCoord.out.bam         ||
||                                                                            ||
||             Output file : yeast_test.counts.txt                            ||
||                 Summary : yeast_test.counts.txt.summary                    ||
||              Paired-end : yes                                              ||
||        Count read pairs : no                                               ||
||              Annotation : genes.gtf (GTF)                                  ||
||      Dir for temp files : ./                                               ||
||                                                                            ||
||                 Threads : 2                                                ||
||                   Level : meta-feature level                               ||
||      Multimapping reads : not counted                                      ||
|| Multi-overlapping reads : not counted                                      ||
||   Min overlapping bases : 1                                                ||
||                                                                            ||
\\============================================================================//

//================================= Running ==================================\\
||                                                                            ||
|| Load annotation file genes.gtf ...                                         ||
||    Features : 129                                                          ||
||    Meta-features : 124                                                     ||
||    Chromosomes/contigs : 1                                                 ||
||                                                                            ||
|| Process BAM file yeast_test.Aligned.sortedByCoord.out.bam...               ||
||    Paired-end reads are included.                                          ||
||    The reads are assigned on the single-end mode.                          ||
||    Total alignments : 103232                                               ||
||    Successfully assigned alignments : 65243 (63.2%)                        ||
||    Running time : 0.00 minutes                                             ||
||                                                                            ||
|| Write the final count table.                                               ||
|| Write the read assignment summary.                                         ||
||                                                                            ||
|| Summary of counting results can be found in file "yeast_test.counts.txt.s  ||
|| ummary"                                                                    ||
||                                                                            ||
\\============================================================================//

