Jun-24 14:47:15.475 [main] DEBUG nextflow.cli.Launcher - $> nextflow run main.nf -preview --reads 'test/*_{R1,R2}.fq.gz' --star_index test_index --gtf test.gtf
Jun-24 14:47:15.619 [main] DEBUG nextflow.cli.CmdRun - N E X T F L O W  ~  version 25.10.4
Jun-24 14:47:15.653 [main] DEBUG nextflow.plugin.PluginsFacade - Setting up plugin manager > mode=prod; embedded=false; plugins-dir=/home/bedrock_agentcore/.nextflow/plugins; core-plugins: nf-amazon@3.4.4,nf-azure@1.20.2,nf-cloudcache@0.5.0,nf-codecommit@0.5.0,nf-console@1.3.0,nf-google@1.23.5,nf-k8s@1.2.2,nf-tower@1.17.5,nf-wave@1.16.1
Jun-24 14:47:15.680 [main] INFO  o.pf4j.DefaultPluginStatusProvider - Enabled plugins: []
Jun-24 14:47:15.681 [main] INFO  o.pf4j.DefaultPluginStatusProvider - Disabled plugins: []
Jun-24 14:47:15.686 [main] INFO  org.pf4j.DefaultPluginManager - PF4J version 3.12.0 in 'deployment' mode
Jun-24 14:47:15.703 [main] DEBUG nextflow.util.RetryConfig - Missing nextflow session - using default retry config
Jun-24 14:47:15.886 [main] INFO  org.pf4j.AbstractPluginManager - No plugins
Jun-24 14:47:15.933 [main] DEBUG nextflow.config.ConfigBuilder - Found config local: /app/home/user/sample_pipelines_for_conversion/nextflow.config
Jun-24 14:47:15.936 [main] DEBUG nextflow.config.ConfigBuilder - Parsing config file: /app/home/user/sample_pipelines_for_conversion/nextflow.config
Jun-24 14:47:15.939 [main] DEBUG nextflow.config.ConfigParserFactory - Using config parser v2
Jun-24 14:47:15.966 [main] DEBUG nextflow.config.ConfigBuilder - Applying config profile: `standard`
Jun-24 14:47:16.513 [main] DEBUG nextflow.plugin.PluginsFacade - Plugins default=[]
Jun-24 14:47:16.514 [main] DEBUG nextflow.plugin.PluginsFacade - Plugins resolved requirement=[nf-wave@1.16.1]
Jun-24 14:47:16.756 [main] DEBUG n.plugin.HttpPluginRepository - Registry request: https://registry.nextflow.io/api/v1/plugins/dependencies?plugins=nf-wave%401.16.1&nextflowVersion=25.10.4
- code: 200
- body: {"plugins":[{"id":"nf-wave","releases":[{"version":"1.16.1","url":"https://registry.nextflow.io/api/v1/plugins/nf-wave/1.16.1/download/nf-wave-1.16.1.zip","date":"2025-10-21T15:57:24.05097Z","sha512sum":"721a14fef9680fc633700561385c4e9d49ad92cab120a556d26686d1bdca74e225888860df8ee85ab5acb808d0a50df04ce78a6be0259b0e91142cd74d01f7c3","requires":">=25.09.2-edge","dependsOn":[],"status":"PUBLISHED"}],"projectUrl":"https://github.com/nextflow-io/nf-wave","provider":"nextflow-io"}]}
Jun-24 14:47:16.805 [main] DEBUG nextflow.plugin.PluginUpdater - Installing plugin nf-wave version: 1.16.1
Jun-24 14:47:16.813 [main] INFO  org.pf4j.AbstractPluginManager - Plugin 'nf-wave@1.16.1' resolved
Jun-24 14:47:16.814 [main] INFO  org.pf4j.AbstractPluginManager - Start plugin 'nf-wave@1.16.1'
Jun-24 14:47:16.831 [main] DEBUG nextflow.plugin.BasePlugin - Plugin started nf-wave@1.16.1
Jun-24 14:47:16.853 [main] DEBUG n.secret.LocalSecretsProvider - Secrets store: /home/bedrock_agentcore/.nextflow/secrets/store.json
Jun-24 14:47:16.858 [main] DEBUG nextflow.secret.SecretsLoader - Discovered secrets providers: [nextflow.secret.LocalSecretsProvider@42a0501e] - activable => nextflow.secret.LocalSecretsProvider@42a0501e
Jun-24 14:47:16.861 [main] DEBUG nextflow.cli.CmdRun - Applied DSL=2 by global default
Jun-24 14:47:16.878 [main] DEBUG nextflow.cli.CmdRun - * PREVIEW * null [modest_plateau] DSL2 - revision: 0a4bfa752f
Jun-24 14:47:16.990 [main] DEBUG nextflow.Session - Session UUID: 7a37d6a6-d62b-4f35-8c52-5bb4f6dd5949
Jun-24 14:47:16.990 [main] DEBUG nextflow.Session - Run name: modest_plateau
Jun-24 14:47:16.991 [main] DEBUG nextflow.Session - Executor pool size: 2
Jun-24 14:47:17.001 [main] DEBUG nextflow.file.FilePorter - File porter settings maxRetries=3; maxTransfers=50; pollTimeout=null
Jun-24 14:47:17.006 [main] DEBUG nextflow.util.ThreadPoolBuilder - Creating thread pool 'FileTransfer' minSize=10; maxSize=10; workQueue=LinkedBlockingQueue[-1]; allowCoreThreadTimeout=false
Jun-24 14:47:17.028 [main] DEBUG nextflow.cli.CmdRun - 
  Version: 25.10.4 build 11177
  Created: 10-02-2026 17:12 UTC 
  System: Linux 6.1.158-15.288.amzn2023.aarch64
  Runtime: Groovy 4.0.28 on OpenJDK 64-Bit Server VM 17.0.18+8-Debian-1deb12u1
  Encoding: UTF-8 (UTF-8)
  Process: 238@localhost [127.0.0.1]
  CPUs: 2 - Mem: 7.8 GB (5.3 GB) - Swap: 0 (0)
Jun-24 14:47:17.054 [main] DEBUG nextflow.Session - Work-dir: /app/home/user/sample_pipelines_for_conversion/work [overlayfs]
Jun-24 14:47:17.054 [main] DEBUG nextflow.Session - Script base path does not exist or is not a directory: /app/home/user/sample_pipelines_for_conversion/bin
Jun-24 14:47:17.063 [main] DEBUG nextflow.executor.ExecutorFactory - Extension executors providers=[]
Jun-24 14:47:17.075 [main] DEBUG nextflow.Session - Observer factory (v2): LinObserverFactory
Jun-24 14:47:17.076 [main] DEBUG nextflow.Session - Observer factory (v2): DefaultObserverFactory
Jun-24 14:47:17.091 [main] DEBUG nextflow.Session - Observer factory (v2): WaveFactory
Jun-24 14:47:17.129 [main] DEBUG nextflow.cache.CacheFactory - Using Nextflow cache factory: nextflow.cache.DefaultCacheFactory
Jun-24 14:47:17.144 [main] DEBUG nextflow.util.CustomThreadPool - Creating default thread pool > poolSize: 3; maxThreads: 1000
Jun-24 14:47:17.197 [main] DEBUG nextflow.Session - Session start
Jun-24 14:47:17.204 [main] DEBUG nextflow.Session - Report file already exists: results/pipeline_info/report.html -- enable the 'report.overwrite' option in your config file to overwrite existing files
nextflow.exception.AbortOperationException: Report file already exists: results/pipeline_info/report.html -- enable the 'report.overwrite' option in your config file to overwrite existing files
	at nextflow.trace.ReportObserver.onFlowCreate(ReportObserver.groovy:119)
	at nextflow.Session$_notifyFlowCreate_lambda34.doCall(Session.groovy:1107)
	at nextflow.Session.notifyEvent(Session.groovy:1151)
	at nextflow.Session.notifyFlowCreate(Session.groovy:1107)
	at nextflow.Session.start(Session.groovy:596)
	at nextflow.script.ScriptRunner.execute(ScriptRunner.groovy:133)
	at nextflow.cli.CmdRun.run(CmdRun.groovy:429)
	at nextflow.cli.Launcher.run(Launcher.groovy:515)
	at nextflow.cli.Launcher.main(Launcher.groovy:675)
Jun-24 14:47:17.206 [main] DEBUG nextflow.Session - Timeline file already exists: results/pipeline_info/timeline.html -- enable the 'timeline.overwrite' option in your config file to overwrite existing files
nextflow.exception.AbortOperationException: Timeline file already exists: results/pipeline_info/timeline.html -- enable the 'timeline.overwrite' option in your config file to overwrite existing files
	at nextflow.trace.TimelineObserver.onFlowCreate(TimelineObserver.groovy:80)
	at nextflow.Session$_notifyFlowCreate_lambda34.doCall(Session.groovy:1107)
	at nextflow.Session.notifyEvent(Session.groovy:1151)
	at nextflow.Session.notifyFlowCreate(Session.groovy:1107)
	at nextflow.Session.start(Session.groovy:596)
	at nextflow.script.ScriptRunner.execute(ScriptRunner.groovy:133)
	at nextflow.cli.CmdRun.run(CmdRun.groovy:429)
	at nextflow.cli.Launcher.run(Launcher.groovy:515)
	at nextflow.cli.Launcher.main(Launcher.groovy:675)
Jun-24 14:47:17.206 [main] DEBUG nextflow.trace.TraceFileObserver - Workflow started -- trace file: results/pipeline_info/trace.txt
Jun-24 14:47:17.207 [main] DEBUG nextflow.Session - Trace file already exists: results/pipeline_info/trace.txt -- enable the 'trace.overwrite' option in your config file to overwrite existing files
nextflow.exception.AbortOperationException: Trace file already exists: results/pipeline_info/trace.txt -- enable the 'trace.overwrite' option in your config file to overwrite existing files
	at nextflow.trace.TraceHelper.newFileWriter(TraceHelper.groovy:67)
	at nextflow.trace.TraceFileObserver.onFlowCreate(TraceFileObserver.groovy:174)
	at nextflow.Session$_notifyFlowCreate_lambda34.doCall(Session.groovy:1107)
	at nextflow.Session.notifyEvent(Session.groovy:1151)
	at nextflow.Session.notifyFlowCreate(Session.groovy:1107)
	at nextflow.Session.start(Session.groovy:596)
	at nextflow.script.ScriptRunner.execute(ScriptRunner.groovy:133)
	at nextflow.cli.CmdRun.run(CmdRun.groovy:429)
	at nextflow.cli.Launcher.run(Launcher.groovy:515)
	at nextflow.cli.Launcher.main(Launcher.groovy:675)
Caused by: java.nio.file.FileAlreadyExistsException: results/pipeline_info/trace.txt
	at java.base/sun.nio.fs.UnixException.translateToIOException(UnixException.java:94)
	at java.base/sun.nio.fs.UnixException.rethrowAsIOException(UnixException.java:106)
	at java.base/sun.nio.fs.UnixException.rethrowAsIOException(UnixException.java:111)
	at java.base/sun.nio.fs.UnixFileSystemProvider.newByteChannel(UnixFileSystemProvider.java:218)
	at java.base/java.nio.file.spi.FileSystemProvider.newOutputStream(FileSystemProvider.java:484)
	at java.base/java.nio.file.Files.newOutputStream(Files.java:228)
	at java.base/java.nio.file.Files.newBufferedWriter(Files.java:3008)
	at nextflow.trace.TraceHelper.newFileWriter(TraceHelper.groovy:64)
	... 9 common frames omitted
Jun-24 14:47:17.207 [main] DEBUG nextflow.script.ScriptLoaderFactory - Using script parser v2
Jun-24 14:47:17.888 [main] DEBUG nextflow.script.ScriptRunner - > Launching execution
Jun-24 14:47:18.146 [main] DEBUG n.script.dsl.ProcessConfigBuilder - Config settings `withName:FASTQC` matches process FASTQC
Jun-24 14:47:18.152 [main] DEBUG nextflow.executor.ExecutorFactory - << taskConfig executor: null
Jun-24 14:47:18.153 [main] DEBUG nextflow.executor.ExecutorFactory - >> processorType: 'local'
Jun-24 14:47:18.165 [main] DEBUG nextflow.executor.Executor - [warm up] executor > local
Jun-24 14:47:18.171 [main] DEBUG n.processor.LocalPollingMonitor - Creating local task monitor for executor 'local' > cpus=2; memory=7.8 GB; capacity=2; pollInterval=100ms; dumpInterval=5m
Jun-24 14:47:18.173 [main] DEBUG n.processor.TaskPollingMonitor - >>> barrier register (monitor: local)
Jun-24 14:47:18.215 [main] DEBUG nextflow.processor.TaskProcessor - Creating process 'FASTQC': maxForks=0; fair=false; array=0
Jun-24 14:47:18.268 [main] DEBUG n.script.dsl.ProcessConfigBuilder - Config settings `withName:STAR_ALIGN` matches process STAR_ALIGN
Jun-24 14:47:18.269 [main] DEBUG nextflow.executor.ExecutorFactory - << taskConfig executor: null
Jun-24 14:47:18.270 [main] DEBUG nextflow.executor.ExecutorFactory - >> processorType: 'local'
Jun-24 14:47:18.271 [main] DEBUG nextflow.processor.TaskProcessor - Creating process 'STAR_ALIGN': maxForks=0; fair=false; array=0
Jun-24 14:47:18.290 [main] DEBUG n.script.dsl.ProcessConfigBuilder - Config settings `withName:SAMTOOLS_INDEX` matches process SAMTOOLS_INDEX
Jun-24 14:47:18.298 [main] DEBUG nextflow.executor.ExecutorFactory - << taskConfig executor: null
Jun-24 14:47:18.298 [main] DEBUG nextflow.executor.ExecutorFactory - >> processorType: 'local'
Jun-24 14:47:18.299 [main] DEBUG nextflow.processor.TaskProcessor - Creating process 'SAMTOOLS_INDEX': maxForks=0; fair=false; array=0
Jun-24 14:47:18.322 [main] DEBUG n.script.dsl.ProcessConfigBuilder - Config settings `withName:FEATURECOUNTS` matches process FEATURECOUNTS
Jun-24 14:47:18.323 [main] DEBUG nextflow.executor.ExecutorFactory - << taskConfig executor: null
Jun-24 14:47:18.323 [main] DEBUG nextflow.executor.ExecutorFactory - >> processorType: 'local'
Jun-24 14:47:18.324 [main] DEBUG nextflow.processor.TaskProcessor - Creating process 'FEATURECOUNTS': maxForks=0; fair=false; array=0
Jun-24 14:47:18.330 [main] DEBUG nextflow.Session - Workflow process names [dsl2]: FASTQC, FEATURECOUNTS, STAR_ALIGN, SAMTOOLS_INDEX
Jun-24 14:47:18.347 [main] DEBUG nextflow.script.ScriptRunner - Parsed script files:
  _nf_script_d343d465b58203b4: /app/home/user/sample_pipelines_for_conversion/modules/local/samtools_index.nf
  Main: /app/home/user/sample_pipelines_for_conversion/main.nf
  _nf_script_31d26e9d59e53887: /app/home/user/sample_pipelines_for_conversion/modules/local/featurecounts.nf
  _nf_script_bfd966f7c1c6bb00: /app/home/user/sample_pipelines_for_conversion/modules/local/fastqc.nf
  _nf_script_dabf03b462502a11: /app/home/user/sample_pipelines_for_conversion/modules/local/star_align.nf
Jun-24 14:47:18.356 [main] DEBUG n.trace.WorkflowStatsObserver - Workflow completed > WorkflowStats[succeededCount=0; failedCount=0; ignoredCount=0; cachedCount=0; pendingCount=0; submittedCount=0; runningCount=0; retriesCount=0; abortedCount=0; succeedDuration=0ms; failedDuration=0ms; cachedDuration=0ms;loadCpus=0; loadMemory=0; peakRunning=0; peakCpus=0; peakMemory=0; ]
Jun-24 14:47:18.379 [Task monitor] DEBUG n.processor.TaskPollingMonitor - <<< barrier arrives (monitor: local) - terminating tasks monitor poll loop
Jun-24 14:47:18.415 [main] DEBUG nextflow.trace.ReportObserver - Workflow completed -- rendering execution report
Jun-24 14:47:19.331 [main] WARN  nextflow.trace.ReportObserver - Failed to render execution report -- see the log file for details
nextflow.exception.AbortOperationException: Report file already exists: results/pipeline_info/report.html -- enable the 'report.overwrite' option in your config file to overwrite existing files
	at nextflow.trace.TraceHelper.newFileWriter(TraceHelper.groovy:67)
	at nextflow.trace.ReportObserver.renderHtml(ReportObserver.groovy:243)
	at nextflow.trace.ReportObserver.onFlowComplete(ReportObserver.groovy:129)
	at nextflow.Session$_notifyFlowComplete_lambda39.doCall(Session.groovy:1121)
	at nextflow.Session.notifyEvent(Session.groovy:1151)
	at nextflow.Session.notifyFlowComplete(Session.groovy:1121)
	at nextflow.Session.shutdown0(Session.groovy:779)
	at nextflow.Session.destroy(Session.groovy:724)
	at nextflow.script.ScriptRunner.shutdown(ScriptRunner.groovy:263)
	at nextflow.script.ScriptRunner.execute(ScriptRunner.groovy:147)
	at nextflow.cli.CmdRun.run(CmdRun.groovy:429)
	at nextflow.cli.Launcher.run(Launcher.groovy:515)
	at nextflow.cli.Launcher.main(Launcher.groovy:675)
Caused by: java.nio.file.FileAlreadyExistsException: results/pipeline_info/report.html
	at java.base/sun.nio.fs.UnixException.translateToIOException(UnixException.java:94)
	at java.base/sun.nio.fs.UnixException.rethrowAsIOException(UnixException.java:106)
	at java.base/sun.nio.fs.UnixException.rethrowAsIOException(UnixException.java:111)
	at java.base/sun.nio.fs.UnixFileSystemProvider.newByteChannel(UnixFileSystemProvider.java:218)
	at java.base/java.nio.file.spi.FileSystemProvider.newOutputStream(FileSystemProvider.java:484)
	at java.base/java.nio.file.Files.newOutputStream(Files.java:228)
	at java.base/java.nio.file.Files.newBufferedWriter(Files.java:3008)
	at nextflow.trace.TraceHelper.newFileWriter(TraceHelper.groovy:64)
	... 12 common frames omitted
Jun-24 14:47:19.342 [main] DEBUG nextflow.trace.TimelineObserver - Workflow completed -- rendering execution timeline
Jun-24 14:47:19.451 [main] WARN  nextflow.trace.TimelineObserver - Failed to render execution timeline -- see the log file for details
nextflow.exception.AbortOperationException: Timeline file already exists: results/pipeline_info/timeline.html -- enable the 'timeline.overwrite' option in your config file to overwrite existing files
	at nextflow.trace.TraceHelper.newFileWriter(TraceHelper.groovy:67)
	at nextflow.trace.TimelineObserver.renderHtml(TimelineObserver.groovy:164)
	at nextflow.trace.TimelineObserver.onFlowComplete(TimelineObserver.groovy:91)
	at nextflow.Session$_notifyFlowComplete_lambda39.doCall(Session.groovy:1121)
	at nextflow.Session.notifyEvent(Session.groovy:1151)
	at nextflow.Session.notifyFlowComplete(Session.groovy:1121)
	at nextflow.Session.shutdown0(Session.groovy:779)
	at nextflow.Session.destroy(Session.groovy:724)
	at nextflow.script.ScriptRunner.shutdown(ScriptRunner.groovy:263)
	at nextflow.script.ScriptRunner.execute(ScriptRunner.groovy:147)
	at nextflow.cli.CmdRun.run(CmdRun.groovy:429)
	at nextflow.cli.Launcher.run(Launcher.groovy:515)
	at nextflow.cli.Launcher.main(Launcher.groovy:675)
Caused by: java.nio.file.FileAlreadyExistsException: results/pipeline_info/timeline.html
	at java.base/sun.nio.fs.UnixException.translateToIOException(UnixException.java:94)
	at java.base/sun.nio.fs.UnixException.rethrowAsIOException(UnixException.java:106)
	at java.base/sun.nio.fs.UnixException.rethrowAsIOException(UnixException.java:111)
	at java.base/sun.nio.fs.UnixFileSystemProvider.newByteChannel(UnixFileSystemProvider.java:218)
	at java.base/java.nio.file.spi.FileSystemProvider.newOutputStream(FileSystemProvider.java:484)
	at java.base/java.nio.file.Files.newOutputStream(Files.java:228)
	at java.base/java.nio.file.Files.newBufferedWriter(Files.java:3008)
	at nextflow.trace.TraceHelper.newFileWriter(TraceHelper.groovy:64)
	... 12 common frames omitted
Jun-24 14:47:19.451 [main] DEBUG nextflow.trace.TraceFileObserver - Workflow completed -- saving trace file
Jun-24 14:47:19.451 [main] DEBUG nextflow.Session - Cannot invoke "groovyx.gpars.agent.Agent.await()" because "this.writer" is null
java.lang.NullPointerException: Cannot invoke "groovyx.gpars.agent.Agent.await()" because "this.writer" is null
	at nextflow.trace.TraceFileObserver.onFlowComplete(TraceFileObserver.groovy:189)
	at nextflow.Session$_notifyFlowComplete_lambda39.doCall(Session.groovy:1121)
	at nextflow.Session.notifyEvent(Session.groovy:1151)
	at nextflow.Session.notifyFlowComplete(Session.groovy:1121)
	at nextflow.Session.shutdown0(Session.groovy:779)
	at nextflow.Session.destroy(Session.groovy:724)
	at nextflow.script.ScriptRunner.shutdown(ScriptRunner.groovy:263)
	at nextflow.script.ScriptRunner.execute(ScriptRunner.groovy:147)
	at nextflow.cli.CmdRun.run(CmdRun.groovy:429)
	at nextflow.cli.Launcher.run(Launcher.groovy:515)
	at nextflow.cli.Launcher.main(Launcher.groovy:675)
Jun-24 14:47:19.457 [main] DEBUG nextflow.cache.CacheDB - Closing CacheDB done
Jun-24 14:47:19.469 [main] INFO  org.pf4j.AbstractPluginManager - Stop plugin 'nf-wave@1.16.1'
Jun-24 14:47:19.469 [main] DEBUG nextflow.plugin.BasePlugin - Plugin stopped nf-wave
Jun-24 14:47:19.472 [main] DEBUG nextflow.util.ThreadPoolManager - Thread pool 'FileTransfer' shutdown completed (hard=false)
Jun-24 14:47:19.473 [main] DEBUG nextflow.script.ScriptRunner - > Execution complete -- Goodbye
